   1              	
   2              		.equ	ROWS, 		25		# number of rows
   3              		.equ	COLS, 		80		# number of columns
   4              	
   5              		.equ	CHARBYTES,	2		# total #bytes per char
   6              		.equ	ROWBYTES,	COLS*CHARBYTES	# total #bytes per row
   7              		.equ	SCREENBYTES,	ROWS*ROWBYTES	# total #bytes per screen
   8              	
   9              		.equ	SPACE,		32		# blank space
  10              		.equ	NEWLINE,	'\n'		# newline character
  11              	
  12              		.equ	DEFAULT_ATTR, 	0x2e		# PSU Green
  13              	
  14              		.data
  15              	
  16              	        # Reserve space for a video ram frame buffer with
  17              	        # 25 rows; 80 columns; and one code and one attribute
  18              	        # byte per character.
  19              		.globl  video
  20              		.align	4
  21 0000 00000000 	video:	.space	SCREENBYTES
  21      00000000 
  21      00000000 
  21      00000000 
  21      00000000 
  22              	
  23              	        # Some variables to hold the current row, column, and
  24              		# video attribute:
  25              		.align	4
  26 0fa0 00000000 	row:	.long	0		# we will only use the least significant
  27 0fa4 00000000 	col:	.long	0		# bytes of these variables
  28 0fa8 00000000 	attr:	.long	0
  29              	
  30              		.text
  31              	
  32              		# Clear the screen, setting all characters to SPACE
  33              	        # using the DEFAULT_ATTR attribute.
  34              		.globl	cls
  35 0000 55       	cls:	pushl	%ebp
  36 0001 89E5     		movl	%esp, %ebp
  37              		# Fill me in!
  38 0003 31C9     	        xor     %ecx, %ecx
  39 0005 B42E     	        movb    $DEFAULT_ATTR, %ah
  40 0007 B020     	        movb    $SPACE, %al
  41 0009 8904CD00 	        movl    %eax, video(, %ecx, 8)
  41      000000
  42 0010 89EC     		movl	%ebp, %esp
  43 0012 5D       		popl	%ebp
  44 0013 C3       		ret
  45              	
  46              		# Set the video attribute for characters output using outc.
  47              		.globl	setAttr
  48 0014 55       	setAttr:pushl	%ebp
  49 0015 89E5     		movl	%esp, %ebp
  50              		# Fill me in!
  51 0017 89EC     		movl	%ebp, %esp
  52 0019 5D       		popl	%ebp
  53 001a C3       		ret
  54              	
  55              		# Output a single character at the current row and col position
  56              		# on screen, advancing the cursor coordinates and scrolling the
  57              		# screen as appropriate.  Special treatment is provided for
  58              	        # NEWLINE characters, moving the "cursor" to the start of the
  59              		# "next line".
  60              		.globl	outc
  61 001b 55       	outc:	pushl	%ebp
  62 001c 89E5     		movl	%esp, %ebp
  63              		# Fill me in!
  64 001e 89EC     		movl	%ebp, %esp
  65 0020 5D       		popl	%ebp
  66 0021 C3       		ret
  67              	
  68              		# Output an unsigned numeric value as a sequence of 8 hex digits.
  69              		.globl	outhex
  70 0022 55       	outhex:	pushl	%ebp
  71 0023 89E5     		movl	%esp, %ebp
  72              		# Fill me in!
  73 0025 89EC     		movl	%ebp, %esp
  74 0027 5D       		popl	%ebp
  75 0028 C3       		ret
  76              	
DEFINED SYMBOLS
          videoasm.s:2      *ABS*:0000000000000019 ROWS
          videoasm.s:3      *ABS*:0000000000000050 COLS
          videoasm.s:5      *ABS*:0000000000000002 CHARBYTES
          videoasm.s:6      *ABS*:00000000000000a0 ROWBYTES
          videoasm.s:7      *ABS*:0000000000000fa0 SCREENBYTES
          videoasm.s:9      *ABS*:0000000000000020 SPACE
          videoasm.s:10     *ABS*:000000000000000a NEWLINE
          videoasm.s:12     *ABS*:000000000000002e DEFAULT_ATTR
          videoasm.s:21     .data:0000000000000000 video
          videoasm.s:26     .data:0000000000000fa0 row
          videoasm.s:27     .data:0000000000000fa4 col
          videoasm.s:28     .data:0000000000000fa8 attr
          videoasm.s:35     .text:0000000000000000 cls
          videoasm.s:48     .text:0000000000000014 setAttr
          videoasm.s:61     .text:000000000000001b outc
          videoasm.s:70     .text:0000000000000022 outhex

NO UNDEFINED SYMBOLS
