   1              	
   2              		.equ	ROWS, 		25		# number of rows
   3              		.equ	COLS, 		80		# number of columns
   4              	
   5              		.equ	CHARBYTES,	2		# total #bytes per char
   6              		.equ	ROWBYTES,	COLS*CHARBYTES	# total #bytes per row
   7              		.equ	SCREENBYTES,	ROWS*ROWBYTES	# total #bytes per screen
   8              	
   9              		.equ	SPACE,		32		# blank space
  10              		.equ	NEWLINE,	'\n'		# newline character
  11              	
  12              		.equ	DEFAULT_ATTR, 	0x2e		# PSU Green
  13              	
  14              		.data
  15              	
  16              	        # Reserve space for a video ram frame buffer with
  17              	        # 25 rows; 80 columns; and one code and one attribute
  18              	        # byte per character.
  19              		.globl  video
  20              		.align	4
  21 0000 00000000 	video:	.space	SCREENBYTES
  21      00000000 
  21      00000000 
  21      00000000 
  21      00000000 
  22              	
  23              	        # Some variables to hold the current row, column, and
  24              		# video attribute:
  25              		.align	4
  26 0fa0 00000000 	row:	.long	0		# we will only use the least significant
  27 0fa4 00000000 	col:	.long	0		# bytes of these variables
  28 0fa8 00000000 	attr:	.long	0
  29              	
  30              		.text
  31              	
  32              		# Clear the screen, setting all characters to SPACE
  33              	        # using the DEFAULT_ATTR attribute.
  34              		.globl	cls
  35 0000 55       	cls:	pushl	%ebp
  36 0001 89E5     		movl	%esp, %ebp
  37              		# Fill me in!
  38 0003 31C0     	        xor     %eax, %eax
  39 0005 31C9     	        xor     %ecx, %ecx
  40 0007 B52E     	        movb    $DEFAULT_ATTR, %ch
  41 0009 B120     	        movb    $SPACE, %cl
  42 000b 890CC500 	        movl    %ecx, video(, %eax, 8)
  42      000000
  43 0012 89EC     		movl	%ebp, %esp
  44 0014 5D       		popl	%ebp
  45 0015 C3       		ret
  46              	
  47              		# Set the video attribute for characters output using outc.
  48              		.globl	setAttr
  49 0016 55       	setAttr:pushl	%ebp
  50 0017 89E5     		movl	%esp, %ebp
  51              		# Fill me in!
  52 0019 89EC     		movl	%ebp, %esp
  53 001b 5D       		popl	%ebp
  54 001c C3       		ret
  55              	
  56              		# Output a single character at the current row and col position
  57              		# on screen, advancing the cursor coordinates and scrolling the
  58              		# screen as appropriate.  Special treatment is provided for
  59              	        # NEWLINE characters, moving the "cursor" to the start of the
  60              		# "next line".
  61              		.globl	outc
  62 001d 55       	outc:	pushl	%ebp
  63 001e 89E5     		movl	%esp, %ebp
  64              		# Fill me in!
  65 0020 89EC     		movl	%ebp, %esp
  66 0022 5D       		popl	%ebp
  67 0023 C3       		ret
  68              	
  69              		# Output an unsigned numeric value as a sequence of 8 hex digits.
  70              		.globl	outhex
  71 0024 55       	outhex:	pushl	%ebp
  72 0025 89E5     		movl	%esp, %ebp
  73              		# Fill me in!
  74 0027 89EC     		movl	%ebp, %esp
  75 0029 5D       		popl	%ebp
  76 002a C3       		ret
  77              	
DEFINED SYMBOLS
          videoasm.s:2      *ABS*:0000000000000019 ROWS
          videoasm.s:3      *ABS*:0000000000000050 COLS
          videoasm.s:5      *ABS*:0000000000000002 CHARBYTES
          videoasm.s:6      *ABS*:00000000000000a0 ROWBYTES
          videoasm.s:7      *ABS*:0000000000000fa0 SCREENBYTES
          videoasm.s:9      *ABS*:0000000000000020 SPACE
          videoasm.s:10     *ABS*:000000000000000a NEWLINE
          videoasm.s:12     *ABS*:000000000000002e DEFAULT_ATTR
          videoasm.s:21     .data:0000000000000000 video
          videoasm.s:26     .data:0000000000000fa0 row
          videoasm.s:27     .data:0000000000000fa4 col
          videoasm.s:28     .data:0000000000000fa8 attr
          videoasm.s:35     .text:0000000000000000 cls
          videoasm.s:49     .text:0000000000000016 setAttr
          videoasm.s:62     .text:000000000000001d outc
          videoasm.s:71     .text:0000000000000024 outhex

NO UNDEFINED SYMBOLS
